// Jest Snapshot v1, https://jestjs.io/docs/snapshot-testing

exports[`Step2Incident matches the snapshot for Step2Incident 1`] = `
<DocumentFragment>
  <div
    class="rounded-lg border bg-card text-card-foreground shadow-sm"
  >
    <div
      class="flex flex-col space-y-1.5 p-6"
    >
      <h3
        class="text-2xl font-semibold leading-none tracking-tight"
      >
        Incident Details
      </h3>
    </div>
    <div
      class="p-6 pt-0 space-y-4"
    >
      <div
        class="space-y-2"
      >
        <label
          class="text-sm font-medium leading-none peer-disabled:cursor-not-allowed peer-disabled:opacity-70"
          for="incident_date"
        >
          Date & Time
        </label>
        <input
          class="flex h-12 w-full rounded-xl border border-input bg-background px-3 py-2 text-sm ring-offset-background file:border-0 file:bg-transparent file:text-sm file:font-medium placeholder:text-muted-foreground focus-visible:outline-none focus-visible:ring-2 focus-visible:ring-ring focus-visible:ring-offset-2 disabled:cursor-not-allowed disabled:opacity-50 transition-all duration-200 ease-in-out hover:border-primary/50"
          id="incident_date"
          type="datetime-local"
        />
      </div>
      <div
        class="space-y-2"
      >
        <label
          class="text-sm font-medium leading-none peer-disabled:cursor-not-allowed peer-disabled:opacity-70"
          for="incident_location"
        >
          Location
        </label>
        <input
          class="flex h-12 w-full rounded-xl border border-input bg-background px-3 py-2 text-sm ring-offset-background file:border-0 file:bg-transparent file:text-sm file:font-medium placeholder:text-muted-foreground focus-visible:outline-none focus-visible:ring-2 focus-visible:ring-ring focus-visible:ring-offset-2 disabled:cursor-not-allowed disabled:opacity-50 transition-all duration-200 ease-in-out hover:border-primary/50"
          id="incident_location"
          placeholder="123 Main St, Springfield"
        />
      </div>
      <div
        class="space-y-2"
      >
        <label
          class="text-sm font-medium leading-none peer-disabled:cursor-not-allowed peer-disabled:opacity-70"
          for="incident_description"
        >
          Description
        </label>
        <textarea
          class="flex min-h-[80px] w-full rounded-xl border border-input bg-background px-3 py-2 text-sm ring-offset-background placeholder:text-muted-foreground focus-visible:outline-none focus-visible:ring-2 focus-visible:ring-ring focus-visible:ring-offset-2 disabled:cursor-not-allowed disabled:opacity-50 transition-all duration-200 ease-in-out hover:border-primary/50"
          id="incident_description"
          placeholder="Describe what happened..."
        />
      </div>
    </div>
  </div>
</DocumentFragment>
`;
